// Jest Snapshot v1, https://goo.gl/fbAQLP

exports[`should render <Display /> correctly 1`] = `
<div
  className="display-container"
  onClick={[Function]}
  style={
    Object {
      "backgroundColor": "#fff",
    }
  }
>
  <div
    style={
      Object {
        "backgroundColor": "grey",
        "opacity": 0.8,
      }
    }
  >
    hello
  </div>
</div>
`;

exports[`should render <Display /> correctly 2`] = `
<div
  className="display-container"
  onClick={[Function]}
  style={
    Object {
      "backgroundColor": "#fff",
    }
  }
>
  <div
    style={
      Object {
        "backgroundColor": "grey",
        "opacity": 0.8,
      }
    }
  >
    hello
  </div>
</div>
`;
