// Jest Snapshot v1, https://goo.gl/fbAQLP

exports[`should render <App /> correctly 1`] = `
<div
  className="App"
>
  <div
    className="App-header"
  >
    <img
      alt="logo"
      className="App-logo"
      src="logo.svg"
    />
    <div
      className="task-container"
    >
      <input
        onChange={[Function]}
        placeholder="Type on me"
        type="text"
      />
      <div
        className="display-container"
        onClick={[Function]}
        style={
          Object {
            "backgroundColor": "#000000",
          }
        }
      >
        <div
          style={
            Object {
              "backgroundColor": "grey",
              "opacity": 0.8,
            }
          }
        >
          Click Me!
        </div>
      </div>
    </div>
  </div>
</div>
`;
